 1.144956E+00 3.820340E-02 5.826607E-02 2.054996E-02 4.482650E-02 1.461147E-02 4.183558E-02 4.145024E-02 1.441971E+00 5.209149E-02 6.623149E-02 5.174276E-02 8.965156E-01 4.077189E-02 1.076822E-02 1.395806E+00 5.119905E-02 7.541966E-03 1.007630E-01 7.889399E-02
